- The project is out-of-sync -- use `renv::status()` for details.
cargo h/célula-mês por ano:
    year  cargo nonfish   pres
   <int>  <num>   <num>  <num>
1:  2018  92.72  194.53 215.44
2:  2019  84.88  195.51 220.63
3:  2020  93.77  211.25 239.23
4:  2021 108.26  222.16 270.49
5:  2022 123.50  264.44 329.64
6:  2023 139.78  297.76 380.24
7:  2024 124.69  292.49 382.60
NOTE: 14,231/0 fixed-effects (99,617 observations) removed because of only 0 outcomes or singletons.
                                           m0                m1
                                PLACEBO cargo D presença total
Dependent Var.:                     ihs_cargo           ihs_pre
                                                               
post x status = new_closed  -0.063*** (0.011) -0.089*** (0.024)
post x status = new_open    -0.123*** (0.010)  0.238*** (0.022)
post x status = closed_both -0.059*** (0.007)     0.002 (0.018)
post x status = mixed_jan      0.018. (0.010)  0.066*** (0.019)
sst                         -0.010*** (0.002)  0.018*** (0.004)
ihs_pres                                       0.362*** (0.025)
ihs_cargo                                                      
ihs_nonf                                                       
Fixed-Effects:              ----------------- -----------------
cell-month                                Yes               Yes
year                                      Yes               Yes
___________________________ _________________ _________________
Family                                    OLS               OLS
S.E.: Clustered                      by: cell          by: cell
Observations                          126,672           126,672
Squared Cor.                          0.96833           0.78042
Pseudo R2                             0.77741           0.41173
BIC                                 337,965.2         487,137.2

                                          m2               m3
                                      +cargo         +nonfish
Dependent Var.:                      ihs_pre          ihs_pre
                                                             
post x status = new_closed  -0.070** (0.024) -0.069** (0.024)
post x status = new_open    0.242*** (0.024) 0.247*** (0.024)
post x status = closed_both    0.002 (0.018)    0.004 (0.018)
post x status = mixed_jan   0.073*** (0.020) 0.069*** (0.020)
sst                          0.014** (0.005) 0.015*** (0.005)
ihs_pres                                                     
ihs_cargo                     0.026* (0.011)                 
ihs_nonf                                     0.127*** (0.015)
Fixed-Effects:              ---------------- ----------------
cell-month                               Yes              Yes
year                                     Yes              Yes
___________________________ ________________ ________________
Family                                   OLS              OLS
S.E.: Clustered                     by: cell         by: cell
Observations                         126,672          126,672
Squared Cor.                         0.76727          0.76856
Pseudo R2                            0.39594          0.39745
BIC                                494,500.9        493,797.6

                                              m4
                                     PPML +cargo
Dependent Var.:             trawl_hours_prefleet
                                                
post x status = new_closed     -0.816*** (0.133)
post x status = new_open         1.50*** (0.154)
post x status = closed_both        0.091 (0.121)
post x status = mixed_jan        0.271** (0.096)
sst                                0.060 (0.038)
ihs_pres                                        
ihs_cargo                          0.015 (0.029)
ihs_nonf                                        
Fixed-Effects:              --------------------
cell-month                                   Yes
year                                         Yes
___________________________ ____________________
Family                                   Poisson
S.E.: Clustered                         by: cell
Observations                              27,055
Squared Cor.                             0.57903
Pseudo R2                                0.72470
BIC                                  2,329,147.7
---
Signif. codes: 0 '***' 0.001 '**' 0.01 '*' 0.05 '.' 0.1 ' ' 1
